0: /usr/local/lib/python3.12/dist-packages/torch/cuda/__init__.py:61: FutureWarning: The pynvml package is deprecated. Please install nvidia-ml-py instead. If you did not install pynvml directly, please report this to the maintainers of the package that installed pynvml for you.
0:   import pynvml  # type: ignore[import]
0: W0803 20:21:28.708000 41273 torch/distributed/run.py:851] 
0: W0803 20:21:28.708000 41273 torch/distributed/run.py:851] *****************************************
0: W0803 20:21:28.708000 41273 torch/distributed/run.py:851] Setting OMP_NUM_THREADS environment variable for each process to be 1 in default, to avoid your system being overloaded, please further tune the variable for optimal performance in your application as needed. 
0: W0803 20:21:28.708000 41273 torch/distributed/run.py:851] *****************************************
0: /usr/local/lib/python3.12/dist-packages/torch/cuda/__init__.py:61: FutureWarning: The pynvml package is deprecated. Please install nvidia-ml-py instead. If you did not install pynvml directly, please report this to the maintainers of the package that installed pynvml for you.
0:   import pynvml  # type: ignore[import]
0: /usr/local/lib/python3.12/dist-packages/torch/cuda/__init__.py:61: FutureWarning: The pynvml package is deprecated. Please install nvidia-ml-py instead. If you did not install pynvml directly, please report this to the maintainers of the package that installed pynvml for you.
0:   import pynvml  # type: ignore[import]
0: /usr/local/lib/python3.12/dist-packages/torch/cuda/__init__.py:61: FutureWarning: The pynvml package is deprecated. Please install nvidia-ml-py instead. If you did not install pynvml directly, please report this to the maintainers of the package that installed pynvml for you.
0:   import pynvml  # type: ignore[import]
0: /usr/local/lib/python3.12/dist-packages/torch/cuda/__init__.py:61: FutureWarning: The pynvml package is deprecated. Please install nvidia-ml-py instead. If you did not install pynvml directly, please report this to the maintainers of the package that installed pynvml for you.
0:   import pynvml  # type: ignore[import]
0: /opt/venv/lib/python3.12/site-packages/comet_ml/error_tracking/api.py:51: UserWarning: We won't be continuing development on SDK 3.0. Please use the last stable version of the SDK to get access to the newest features and fixes. See https://github.com/getsentry/sentry-python/discussions/4955
0:   sentry_sdk.init(
0: /opt/venv/lib/python3.12/site-packages/comet_ml/error_tracking/api.py:51: UserWarning: We won't be continuing development on SDK 3.0. Please use the last stable version of the SDK to get access to the newest features and fixes. See https://github.com/getsentry/sentry-python/discussions/4955
0:   sentry_sdk.init(
0: Multiple distributions found for package modelopt. Picked distribution: nvidia-modelopt
0: Multiple distributions found for package modelopt. Picked distribution: nvidia-modelopt
0: Multiple distributions found for package modelopt. Picked distribution: nvidia-modelopt
0: Multiple distributions found for package modelopt. Picked distribution: nvidia-modelopt
0: /opt/venv/lib/python3.12/site-packages/modelopt/torch/__init__.py:53: UserWarning: transformers>=5.0 support is experimental. Unified Hugging Face checkpoint export for quantized checkpoints may not work for some models yet.
0:   _warnings.warn(
0: /opt/venv/lib/python3.12/site-packages/modelopt/torch/__init__.py:53: UserWarning: transformers>=5.0 support is experimental. Unified Hugging Face checkpoint export for quantized checkpoints may not work for some models yet.
0:   _warnings.warn(
0: /opt/venv/lib/python3.12/site-packages/modelopt/torch/__init__.py:53: UserWarning: transformers>=5.0 support is experimental. Unified Hugging Face checkpoint export for quantized checkpoints may not work for some models yet.
0:   _warnings.warn(
0: /opt/venv/lib/python3.12/site-packages/modelopt/torch/__init__.py:53: UserWarning: transformers>=5.0 support is experimental. Unified Hugging Face checkpoint export for quantized checkpoints may not work for some models yet.
0:   _warnings.warn(
0: /usr/local/lib/python3.12/dist-packages/torch/distributed/checkpoint/logger.py:90: UserWarning: The argument order of load has been changed. Please check the document to avoid future breakages.
0:   result = func(*args, **kwargs)
0: /usr/local/lib/python3.12/dist-packages/torch/distributed/checkpoint/logger.py:90: UserWarning: The argument order of load has been changed. Please check the document to avoid future breakages.
0:   result = func(*args, **kwargs)
0: /usr/local/lib/python3.12/dist-packages/torch/distributed/checkpoint/logger.py:90: UserWarning: The argument order of load has been changed. Please check the document to avoid future breakages.
0:   result = func(*args, **kwargs)
0: /usr/local/lib/python3.12/dist-packages/torch/distributed/checkpoint/logger.py:90: UserWarning: The argument order of load has been changed. Please check the document to avoid future breakages.
0:   result = func(*args, **kwargs)
0: /usr/local/lib/python3.12/dist-packages/torch/distributed/checkpoint/utils.py:481: UserWarning: torch.distributed is disabled, unavailable or uninitialized, assuming the intent is to load in a single process.
0:   return func(args[0], **kwargs)
0: /usr/local/lib/python3.12/dist-packages/torch/distributed/checkpoint/utils.py:481: UserWarning: torch.distributed is disabled, unavailable or uninitialized, assuming the intent is to load in a single process.
0:   return func(args[0], **kwargs)
0: /usr/local/lib/python3.12/dist-packages/torch/distributed/checkpoint/utils.py:481: UserWarning: torch.distributed is disabled, unavailable or uninitialized, assuming the intent is to load in a single process.
0:   return func(args[0], **kwargs)
0: /usr/local/lib/python3.12/dist-packages/torch/distributed/checkpoint/utils.py:481: UserWarning: torch.distributed is disabled, unavailable or uninitialized, assuming the intent is to load in a single process.
0:   return func(args[0], **kwargs)
0: /usr/local/lib/python3.12/dist-packages/torch/distributed/checkpoint/planner_helpers.py:489: FutureWarning: Please use DTensor instead and we are deprecating ShardedTensor.
0:   device = getattr(value, "device", None)
0: /usr/local/lib/python3.12/dist-packages/torch/distributed/checkpoint/planner_helpers.py:489: FutureWarning: Please use DTensor instead and we are deprecating ShardedTensor.
0:   device = getattr(value, "device", None)
0: /usr/local/lib/python3.12/dist-packages/torch/distributed/checkpoint/planner_helpers.py:489: FutureWarning: Please use DTensor instead and we are deprecating ShardedTensor.
0:   device = getattr(value, "device", None)
0: /usr/local/lib/python3.12/dist-packages/torch/distributed/checkpoint/planner_helpers.py:489: FutureWarning: Please use DTensor instead and we are deprecating ShardedTensor.
0:   device = getattr(value, "device", None)
0: /usr/local/lib/python3.12/dist-packages/torch/distributed/checkpoint/default_planner.py:483: FutureWarning: Please use DTensor instead and we are deprecating ShardedTensor.
0:   and md.size != obj.size()
0: /usr/local/lib/python3.12/dist-packages/torch/distributed/checkpoint/default_planner.py:483: FutureWarning: Please use DTensor instead and we are deprecating ShardedTensor.
0:   and md.size != obj.size()
0: /usr/local/lib/python3.12/dist-packages/torch/distributed/checkpoint/default_planner.py:483: FutureWarning: Please use DTensor instead and we are deprecating ShardedTensor.
0:   and md.size != obj.size()
0: /usr/local/lib/python3.12/dist-packages/torch/distributed/checkpoint/default_planner.py:483: FutureWarning: Please use DTensor instead and we are deprecating ShardedTensor.
0:   and md.size != obj.size()
0: /opt/venv/lib/python3.12/site-packages/transformer_engine/pytorch/attention/dot_product_attention/utils.py:2099: UserWarning: window_size should be (-1, -1) or (>=0, >=0) for attn_mask_type=no_mask
0:   warnings.warn(
0: /opt/venv/lib/python3.12/site-packages/transformer_engine/pytorch/attention/dot_product_attention/utils.py:2099: UserWarning: window_size should be (-1, -1) or (>=0, >=0) for attn_mask_type=no_mask
0:   warnings.warn(
0: /opt/venv/lib/python3.12/site-packages/transformer_engine/pytorch/attention/dot_product_attention/utils.py:2099: UserWarning: window_size should be (-1, -1) or (>=0, >=0) for attn_mask_type=no_mask
0:   warnings.warn(
0: /opt/venv/lib/python3.12/site-packages/transformer_engine/pytorch/attention/dot_product_attention/utils.py:2099: UserWarning: window_size should be (-1, -1) or (>=0, >=0) for attn_mask_type=no_mask
0:   warnings.warn(
0: /opt/venv/lib/python3.12/site-packages/transformer_engine/pytorch/attention/dot_product_attention/utils.py:2099: UserWarning: window_size should be (-1, -1) or (>=0, >=0) for attn_mask_type=no_mask
0:   warnings.warn(
0: /opt/venv/lib/python3.12/site-packages/transformer_engine/pytorch/attention/dot_product_attention/utils.py:2099: UserWarning: window_size should be (-1, -1) or (>=0, >=0) for attn_mask_type=no_mask
0:   warnings.warn(
0: /opt/venv/lib/python3.12/site-packages/transformer_engine/pytorch/attention/dot_product_attention/utils.py:2099: UserWarning: window_size should be (-1, -1) or (>=0, >=0) for attn_mask_type=no_mask
0:   warnings.warn(
0: /opt/venv/lib/python3.12/site-packages/transformer_engine/pytorch/attention/dot_product_attention/utils.py:2099: UserWarning: window_size should be (-1, -1) or (>=0, >=0) for attn_mask_type=no_mask
0:   warnings.warn(
0: [rank0]:[W803 20:46:25.628198201 ProcessGroupNCCL.cpp:1569] Warning: WARNING: destroy_process_group() was not called before program exit, which can leak resources. For more info, please see https://pytorch.org/docs/stable/distributed.html#shutdown (function operator())
0: [rank3]:[W803 20:46:27.826428303 ProcessGroupNCCL.cpp:1569] Warning: WARNING: destroy_process_group() was not called before program exit, which can leak resources. For more info, please see https://pytorch.org/docs/stable/distributed.html#shutdown (function operator())
0: [rank2]:[W803 20:46:27.828882024 ProcessGroupNCCL.cpp:1569] Warning: WARNING: destroy_process_group() was not called before program exit, which can leak resources. For more info, please see https://pytorch.org/docs/stable/distributed.html#shutdown (function operator())
0: [rank1]:[W803 20:46:29.593212006 ProcessGroupNCCL.cpp:1569] Warning: WARNING: destroy_process_group() was not called before program exit, which can leak resources. For more info, please see https://pytorch.org/docs/stable/distributed.html#shutdown (function operator())
0: Traceback (most recent call last):
0:   File "/users/elyulina/scratch/PDM/src/verbatim_eval/main.py", line 14, in <module>
0:     from controlled_expr import (
0: ModuleNotFoundError: No module named 'controlled_expr'
srun: error: nid006285: task 0: Exited with exit code 1
srun: Terminating StepId=2991661.1
